ERROR - 2026-09-08 01:17:54 --> [CentralDataModel::getCustomers] The required PHP extension "sqlsrv" is not loaded. Install and enable it to use "SQLSRV" driver.
ERROR - 2026-09-08 01:18:03 --> [CentralDataModel::getCustomers] The required PHP extension "sqlsrv" is not loaded. Install and enable it to use "SQLSRV" driver.
ERROR - 2026-09-08 01:23:47 --> [CentralDataModel::getCustomers] The required PHP extension "sqlsrv" is not loaded. Install and enable it to use "SQLSRV" driver.
ERROR - 2026-09-08 01:29:18 --> Error connecting to the database: CodeIgniter\Database\Exceptions\DatabaseException: [Microsoft][ODBC Driver 17 for SQL Server][SQL Server]Login failed for user 'sa'. SQLSTATE: 28000, code: 18456 in C:\xampp\htdocs\lot_fg\vendor\codeigniter4\framework\system\Database\SQLSRV\Connection.php:145
Stack trace:
#0 C:\xampp\htdocs\lot_fg\vendor\codeigniter4\framework\system\Database\BaseConnection.php(555): CodeIgniter\Database\SQLSRV\Connection->connect(false)
#1 C:\xampp\htdocs\lot_fg\vendor\codeigniter4\framework\system\Database\BaseConnection.php(795): CodeIgniter\Database\BaseConnection->initialize()
#2 C:\xampp\htdocs\lot_fg\app\Models\CentralDataModel.php(109): CodeIgniter\Database\BaseConnection->query('\n              ...')
#3 C:\xampp\htdocs\lot_fg\app\Controllers\PrintForm.php(54): App\Models\CentralDataModel->getCustomers()
#4 C:\xampp\htdocs\lot_fg\vendor\codeigniter4\framework\system\CodeIgniter.php(974): App\Controllers\PrintForm->getCustomers()
#5 C:\xampp\htdocs\lot_fg\vendor\codeigniter4\framework\system\CodeIgniter.php(520): CodeIgniter\CodeIgniter->runController(Object(App\Controllers\PrintForm))
#6 C:\xampp\htdocs\lot_fg\vendor\codeigniter4\framework\system\CodeIgniter.php(363): CodeIgniter\CodeIgniter->handleRequest(NULL, Object(Config\Cache), false)
#7 C:\xampp\htdocs\lot_fg\vendor\codeigniter4\framework\system\Boot.php(417): CodeIgniter\CodeIgniter->run()
#8 C:\xampp\htdocs\lot_fg\vendor\codeigniter4\framework\system\Boot.php(68): CodeIgniter\Boot::runCodeIgniter(Object(CodeIgniter\CodeIgniter))
#9 C:\xampp\htdocs\lot_fg\public\index.php(59): CodeIgniter\Boot::bootWeb(Object(Config\Paths))
#10 {main}
ERROR - 2026-09-08 01:29:18 --> [CentralDataModel::getCustomers] Unable to connect to the database.
Main connection [SQLSRV]: [Microsoft][ODBC Driver 17 for SQL Server][SQL Server]Login failed for user 'sa'. SQLSTATE: 28000, code: 18456
ERROR - 2026-09-08 01:29:36 --> Error connecting to the database: CodeIgniter\Database\Exceptions\DatabaseException: [Microsoft][ODBC Driver 17 for SQL Server][SQL Server]Login failed for user 'sa'. SQLSTATE: 28000, code: 18456 in C:\xampp\htdocs\lot_fg\vendor\codeigniter4\framework\system\Database\SQLSRV\Connection.php:145
Stack trace:
#0 C:\xampp\htdocs\lot_fg\vendor\codeigniter4\framework\system\Database\BaseConnection.php(555): CodeIgniter\Database\SQLSRV\Connection->connect(false)
#1 C:\xampp\htdocs\lot_fg\vendor\codeigniter4\framework\system\Database\BaseConnection.php(795): CodeIgniter\Database\BaseConnection->initialize()
#2 C:\xampp\htdocs\lot_fg\app\Models\CentralDataModel.php(109): CodeIgniter\Database\BaseConnection->query('\n              ...')
#3 C:\xampp\htdocs\lot_fg\app\Controllers\PrintForm.php(54): App\Models\CentralDataModel->getCustomers()
#4 C:\xampp\htdocs\lot_fg\vendor\codeigniter4\framework\system\CodeIgniter.php(974): App\Controllers\PrintForm->getCustomers()
#5 C:\xampp\htdocs\lot_fg\vendor\codeigniter4\framework\system\CodeIgniter.php(520): CodeIgniter\CodeIgniter->runController(Object(App\Controllers\PrintForm))
#6 C:\xampp\htdocs\lot_fg\vendor\codeigniter4\framework\system\CodeIgniter.php(363): CodeIgniter\CodeIgniter->handleRequest(NULL, Object(Config\Cache), false)
#7 C:\xampp\htdocs\lot_fg\vendor\codeigniter4\framework\system\Boot.php(417): CodeIgniter\CodeIgniter->run()
#8 C:\xampp\htdocs\lot_fg\vendor\codeigniter4\framework\system\Boot.php(68): CodeIgniter\Boot::runCodeIgniter(Object(CodeIgniter\CodeIgniter))
#9 C:\xampp\htdocs\lot_fg\public\index.php(59): CodeIgniter\Boot::bootWeb(Object(Config\Paths))
#10 {main}
ERROR - 2026-09-08 01:29:36 --> [CentralDataModel::getCustomers] Unable to connect to the database.
Main connection [SQLSRV]: [Microsoft][ODBC Driver 17 for SQL Server][SQL Server]Login failed for user 'sa'. SQLSTATE: 28000, code: 18456
ERROR - 2026-09-08 01:29:42 --> Error connecting to the database: CodeIgniter\Database\Exceptions\DatabaseException: [Microsoft][ODBC Driver 17 for SQL Server][SQL Server]Login failed for user 'sa'. SQLSTATE: 28000, code: 18456 in C:\xampp\htdocs\lot_fg\vendor\codeigniter4\framework\system\Database\SQLSRV\Connection.php:145
Stack trace:
#0 C:\xampp\htdocs\lot_fg\vendor\codeigniter4\framework\system\Database\BaseConnection.php(555): CodeIgniter\Database\SQLSRV\Connection->connect(false)
#1 C:\xampp\htdocs\lot_fg\vendor\codeigniter4\framework\system\Database\BaseConnection.php(795): CodeIgniter\Database\BaseConnection->initialize()
#2 C:\xampp\htdocs\lot_fg\app\Models\CentralDataModel.php(109): CodeIgniter\Database\BaseConnection->query('\n              ...')
#3 C:\xampp\htdocs\lot_fg\app\Controllers\PrintForm.php(54): App\Models\CentralDataModel->getCustomers()
#4 C:\xampp\htdocs\lot_fg\vendor\codeigniter4\framework\system\CodeIgniter.php(974): App\Controllers\PrintForm->getCustomers()
#5 C:\xampp\htdocs\lot_fg\vendor\codeigniter4\framework\system\CodeIgniter.php(520): CodeIgniter\CodeIgniter->runController(Object(App\Controllers\PrintForm))
#6 C:\xampp\htdocs\lot_fg\vendor\codeigniter4\framework\system\CodeIgniter.php(363): CodeIgniter\CodeIgniter->handleRequest(NULL, Object(Config\Cache), false)
#7 C:\xampp\htdocs\lot_fg\vendor\codeigniter4\framework\system\Boot.php(417): CodeIgniter\CodeIgniter->run()
#8 C:\xampp\htdocs\lot_fg\vendor\codeigniter4\framework\system\Boot.php(68): CodeIgniter\Boot::runCodeIgniter(Object(CodeIgniter\CodeIgniter))
#9 C:\xampp\htdocs\lot_fg\public\index.php(59): CodeIgniter\Boot::bootWeb(Object(Config\Paths))
#10 {main}
ERROR - 2026-09-08 01:29:42 --> [CentralDataModel::getCustomers] Unable to connect to the database.
Main connection [SQLSRV]: [Microsoft][ODBC Driver 17 for SQL Server][SQL Server]Login failed for user 'sa'. SQLSTATE: 28000, code: 18456
DEBUG - 2026-09-08 01:34:19 --> Session: Class initialized using 'CodeIgniter\Session\Handlers\FileHandler' driver.
DEBUG - 2026-09-08 01:34:19 --> Session: Class initialized using 'CodeIgniter\Session\Handlers\FileHandler' driver.
DEBUG - 2026-09-08 01:34:44 --> Session: Class initialized using 'CodeIgniter\Session\Handlers\FileHandler' driver.
DEBUG - 2026-09-08 01:34:44 --> Session: Class initialized using 'CodeIgniter\Session\Handlers\FileHandler' driver.
DEBUG - 2026-09-08 01:35:20 --> Session: Class initialized using 'CodeIgniter\Session\Handlers\FileHandler' driver.
DEBUG - 2026-09-08 01:35:21 --> Session: Class initialized using 'CodeIgniter\Session\Handlers\FileHandler' driver.
DEBUG - 2026-09-08 01:49:05 --> Session: Class initialized using 'CodeIgniter\Session\Handlers\FileHandler' driver.
DEBUG - 2026-09-08 01:49:05 --> Session: Class initialized using 'CodeIgniter\Session\Handlers\FileHandler' driver.
DEBUG - 2026-09-08 01:49:19 --> Session: Class initialized using 'CodeIgniter\Session\Handlers\FileHandler' driver.
DEBUG - 2026-09-08 01:49:19 --> Session: Class initialized using 'CodeIgniter\Session\Handlers\FileHandler' driver.
DEBUG - 2026-09-08 01:49:33 --> Session: Class initialized using 'CodeIgniter\Session\Handlers\FileHandler' driver.
DEBUG - 2026-09-08 01:49:33 --> Session: Class initialized using 'CodeIgniter\Session\Handlers\FileHandler' driver.
DEBUG - 2026-09-08 02:26:09 --> Session: Class initialized using 'CodeIgniter\Session\Handlers\FileHandler' driver.
DEBUG - 2026-09-08 02:26:10 --> Session: Class initialized using 'CodeIgniter\Session\Handlers\FileHandler' driver.
DEBUG - 2026-09-08 02:26:36 --> Session: Class initialized using 'CodeIgniter\Session\Handlers\FileHandler' driver.
DEBUG - 2026-09-08 02:26:36 --> Session: Class initialized using 'CodeIgniter\Session\Handlers\FileHandler' driver.
DEBUG - 2026-09-08 02:27:57 --> Session: Class initialized using 'CodeIgniter\Session\Handlers\FileHandler' driver.
DEBUG - 2026-09-08 02:27:57 --> Session: Class initialized using 'CodeIgniter\Session\Handlers\FileHandler' driver.
DEBUG - 2026-09-08 02:28:27 --> Session: Class initialized using 'CodeIgniter\Session\Handlers\FileHandler' driver.
DEBUG - 2026-09-08 02:28:27 --> Session: Class initialized using 'CodeIgniter\Session\Handlers\FileHandler' driver.
DEBUG - 2026-09-08 02:29:34 --> Session: Class initialized using 'CodeIgniter\Session\Handlers\FileHandler' driver.
DEBUG - 2026-09-08 02:42:13 --> Session: Class initialized using 'CodeIgniter\Session\Handlers\FileHandler' driver.
DEBUG - 2026-09-08 02:42:32 --> Session: Class initialized using 'CodeIgniter\Session\Handlers\FileHandler' driver.
DEBUG - 2026-09-08 02:42:32 --> Session: Class initialized using 'CodeIgniter\Session\Handlers\FileHandler' driver.
DEBUG - 2026-09-08 02:45:50 --> Session: Class initialized using 'CodeIgniter\Session\Handlers\FileHandler' driver.
DEBUG - 2026-09-08 02:46:04 --> Session: Class initialized using 'CodeIgniter\Session\Handlers\FileHandler' driver.
DEBUG - 2026-09-08 02:46:07 --> Session: Class initialized using 'CodeIgniter\Session\Handlers\FileHandler' driver.
DEBUG - 2026-09-08 02:46:08 --> Session: Class initialized using 'CodeIgniter\Session\Handlers\FileHandler' driver.
DEBUG - 2026-09-08 02:48:02 --> Session: Class initialized using 'CodeIgniter\Session\Handlers\FileHandler' driver.
DEBUG - 2026-09-08 04:00:15 --> Session: Class initialized using 'CodeIgniter\Session\Handlers\FileHandler' driver.
DEBUG - 2026-09-08 04:02:31 --> Session: Class initialized using 'CodeIgniter\Session\Handlers\FileHandler' driver.
DEBUG - 2026-09-08 04:03:15 --> Session: Class initialized using 'CodeIgniter\Session\Handlers\FileHandler' driver.
DEBUG - 2026-09-08 04:33:55 --> Session: Class initialized using 'CodeIgniter\Session\Handlers\FileHandler' driver.
DEBUG - 2026-09-08 04:34:02 --> Session: Class initialized using 'CodeIgniter\Session\Handlers\FileHandler' driver.
DEBUG - 2026-09-08 04:38:01 --> Session: Class initialized using 'CodeIgniter\Session\Handlers\FileHandler' driver.
DEBUG - 2026-09-08 05:58:25 --> Session: Class initialized using 'CodeIgniter\Session\Handlers\FileHandler' driver.
DEBUG - 2026-09-08 07:40:26 --> Session: Class initialized using 'CodeIgniter\Session\Handlers\FileHandler' driver.
DEBUG - 2026-09-08 07:40:26 --> Session: Class initialized using 'CodeIgniter\Session\Handlers\FileHandler' driver.
