ERROR - 2026-09-02 08:02:31 --> Error connecting to the database: mysqli_sql_exception: No connection could be made because the target machine actively refused it in C:\xampp\htdocs\lot_fg\vendor\codeigniter4\framework\system\Database\MySQLi\Connection.php:201
Stack trace:
#0 C:\xampp\htdocs\lot_fg\vendor\codeigniter4\framework\system\Database\MySQLi\Connection.php(201): mysqli->real_connect('localhost', 'root', Object(SensitiveParameterValue), '', 3306, '', 0)
#1 C:\xampp\htdocs\lot_fg\vendor\codeigniter4\framework\system\Database\BaseConnection.php(555): CodeIgniter\Database\MySQLi\Connection->connect(false)
#2 C:\xampp\htdocs\lot_fg\vendor\codeigniter4\framework\system\Database\Database.php(74): CodeIgniter\Database\BaseConnection->initialize()
#3 C:\xampp\htdocs\lot_fg\vendor\codeigniter4\framework\system\Database\Config.php(111): CodeIgniter\Database\Database->loadForge(Object(CodeIgniter\Database\MySQLi\Connection))
#4 C:\xampp\htdocs\lot_fg\vendor\codeigniter4\framework\system\Commands\Database\CreateDatabase.php(136): CodeIgniter\Database\Config::forge()
#5 C:\xampp\htdocs\lot_fg\vendor\codeigniter4\framework\system\CLI\Commands.php(72): CodeIgniter\Commands\Database\CreateDatabase->run(Array)
#6 C:\xampp\htdocs\lot_fg\vendor\codeigniter4\framework\system\CLI\Console.php(47): CodeIgniter\CLI\Commands->run('db:create', Array)
#7 C:\xampp\htdocs\lot_fg\vendor\codeigniter4\framework\system\Boot.php(444): CodeIgniter\CLI\Console->run()
#8 C:\xampp\htdocs\lot_fg\vendor\codeigniter4\framework\system\Boot.php(166): CodeIgniter\Boot::runCommand(Object(CodeIgniter\CLI\Console))
#9 C:\xampp\htdocs\lot_fg\spark(87): CodeIgniter\Boot::bootSpark(Object(Config\Paths))
#10 {main}

Next CodeIgniter\Database\Exceptions\DatabaseException: No connection could be made because the target machine actively refused it in C:\xampp\htdocs\lot_fg\vendor\codeigniter4\framework\system\Database\MySQLi\Connection.php:231
Stack trace:
#0 C:\xampp\htdocs\lot_fg\vendor\codeigniter4\framework\system\Database\BaseConnection.php(555): CodeIgniter\Database\MySQLi\Connection->connect(false)
#1 C:\xampp\htdocs\lot_fg\vendor\codeigniter4\framework\system\Database\Database.php(74): CodeIgniter\Database\BaseConnection->initialize()
#2 C:\xampp\htdocs\lot_fg\vendor\codeigniter4\framework\system\Database\Config.php(111): CodeIgniter\Database\Database->loadForge(Object(CodeIgniter\Database\MySQLi\Connection))
#3 C:\xampp\htdocs\lot_fg\vendor\codeigniter4\framework\system\Commands\Database\CreateDatabase.php(136): CodeIgniter\Database\Config::forge()
#4 C:\xampp\htdocs\lot_fg\vendor\codeigniter4\framework\system\CLI\Commands.php(72): CodeIgniter\Commands\Database\CreateDatabase->run(Array)
#5 C:\xampp\htdocs\lot_fg\vendor\codeigniter4\framework\system\CLI\Console.php(47): CodeIgniter\CLI\Commands->run('db:create', Array)
#6 C:\xampp\htdocs\lot_fg\vendor\codeigniter4\framework\system\Boot.php(444): CodeIgniter\CLI\Console->run()
#7 C:\xampp\htdocs\lot_fg\vendor\codeigniter4\framework\system\Boot.php(166): CodeIgniter\Boot::runCommand(Object(CodeIgniter\CLI\Console))
#8 C:\xampp\htdocs\lot_fg\spark(87): CodeIgniter\Boot::bootSpark(Object(Config\Paths))
#9 {main}
CRITICAL - 2026-09-02 08:02:31 --> ErrorException: require(C:\xampp\htdocs\lot_fg\app\Views/errors/cli/error_exception.php): Failed to open stream: No such file or directory
[Method: CLI, Route: db:create/qrcode_label]
in SYSTEMPATH\CLI\BaseCommand.php on line 133.
 1 SYSTEMPATH\CLI\BaseCommand.php(133): CodeIgniter\Debug\Exceptions->errorHandler(2, 'require(C:\\xampp\\htdocs\\lot_fg\\app\\Views/errors/cli/error_exception.php): Failed to open stream: No such file or directory', 'C:\\xampp\\htdocs\\lot_fg\\vendor\\codeigniter4\\framework\\system\\CLI\\BaseCommand.php', 133)
 2 SYSTEMPATH\CLI\BaseCommand.php(133): require()
 3 SYSTEMPATH\Commands\Database\CreateDatabase.php(148): CodeIgniter\CLI\BaseCommand->showError(Object(CodeIgniter\Database\Exceptions\DatabaseException))
 4 SYSTEMPATH\CLI\Commands.php(72): CodeIgniter\Commands\Database\CreateDatabase->run([])
 5 SYSTEMPATH\CLI\Console.php(47): CodeIgniter\CLI\Commands->run('db:create', [...])
 6 SYSTEMPATH\Boot.php(444): CodeIgniter\CLI\Console->run()
 7 SYSTEMPATH\Boot.php(166): CodeIgniter\Boot::runCommand(Object(CodeIgniter\CLI\Console))
 8 ROOTPATH\spark(87): CodeIgniter\Boot::bootSpark(Object(Config\Paths))
ERROR - 2026-09-02 08:02:46 --> Error connecting to the database: mysqli_sql_exception: No connection could be made because the target machine actively refused it in C:\xampp\htdocs\lot_fg\vendor\codeigniter4\framework\system\Database\MySQLi\Connection.php:201
Stack trace:
#0 C:\xampp\htdocs\lot_fg\vendor\codeigniter4\framework\system\Database\MySQLi\Connection.php(201): mysqli->real_connect('localhost', 'root', Object(SensitiveParameterValue), '', 3306, '', 0)
#1 C:\xampp\htdocs\lot_fg\vendor\codeigniter4\framework\system\Database\BaseConnection.php(555): CodeIgniter\Database\MySQLi\Connection->connect(false)
#2 C:\xampp\htdocs\lot_fg\vendor\codeigniter4\framework\system\Database\Database.php(74): CodeIgniter\Database\BaseConnection->initialize()
#3 C:\xampp\htdocs\lot_fg\vendor\codeigniter4\framework\system\Database\Config.php(111): CodeIgniter\Database\Database->loadForge(Object(CodeIgniter\Database\MySQLi\Connection))
#4 C:\xampp\htdocs\lot_fg\vendor\codeigniter4\framework\system\Commands\Database\CreateDatabase.php(136): CodeIgniter\Database\Config::forge()
#5 C:\xampp\htdocs\lot_fg\vendor\codeigniter4\framework\system\CLI\Commands.php(72): CodeIgniter\Commands\Database\CreateDatabase->run(Array)
#6 C:\xampp\htdocs\lot_fg\vendor\codeigniter4\framework\system\CLI\Console.php(47): CodeIgniter\CLI\Commands->run('db:create', Array)
#7 C:\xampp\htdocs\lot_fg\vendor\codeigniter4\framework\system\Boot.php(444): CodeIgniter\CLI\Console->run()
#8 C:\xampp\htdocs\lot_fg\vendor\codeigniter4\framework\system\Boot.php(166): CodeIgniter\Boot::runCommand(Object(CodeIgniter\CLI\Console))
#9 C:\xampp\htdocs\lot_fg\spark(87): CodeIgniter\Boot::bootSpark(Object(Config\Paths))
#10 {main}

Next CodeIgniter\Database\Exceptions\DatabaseException: No connection could be made because the target machine actively refused it in C:\xampp\htdocs\lot_fg\vendor\codeigniter4\framework\system\Database\MySQLi\Connection.php:231
Stack trace:
#0 C:\xampp\htdocs\lot_fg\vendor\codeigniter4\framework\system\Database\BaseConnection.php(555): CodeIgniter\Database\MySQLi\Connection->connect(false)
#1 C:\xampp\htdocs\lot_fg\vendor\codeigniter4\framework\system\Database\Database.php(74): CodeIgniter\Database\BaseConnection->initialize()
#2 C:\xampp\htdocs\lot_fg\vendor\codeigniter4\framework\system\Database\Config.php(111): CodeIgniter\Database\Database->loadForge(Object(CodeIgniter\Database\MySQLi\Connection))
#3 C:\xampp\htdocs\lot_fg\vendor\codeigniter4\framework\system\Commands\Database\CreateDatabase.php(136): CodeIgniter\Database\Config::forge()
#4 C:\xampp\htdocs\lot_fg\vendor\codeigniter4\framework\system\CLI\Commands.php(72): CodeIgniter\Commands\Database\CreateDatabase->run(Array)
#5 C:\xampp\htdocs\lot_fg\vendor\codeigniter4\framework\system\CLI\Console.php(47): CodeIgniter\CLI\Commands->run('db:create', Array)
#6 C:\xampp\htdocs\lot_fg\vendor\codeigniter4\framework\system\Boot.php(444): CodeIgniter\CLI\Console->run()
#7 C:\xampp\htdocs\lot_fg\vendor\codeigniter4\framework\system\Boot.php(166): CodeIgniter\Boot::runCommand(Object(CodeIgniter\CLI\Console))
#8 C:\xampp\htdocs\lot_fg\spark(87): CodeIgniter\Boot::bootSpark(Object(Config\Paths))
#9 {main}
CRITICAL - 2026-09-02 08:02:46 --> ErrorException: require(C:\xampp\htdocs\lot_fg\app\Views/errors/cli/error_exception.php): Failed to open stream: No such file or directory
[Method: CLI, Route: db:create/qrcode_label]
in SYSTEMPATH\CLI\BaseCommand.php on line 133.
 1 SYSTEMPATH\CLI\BaseCommand.php(133): CodeIgniter\Debug\Exceptions->errorHandler(2, 'require(C:\\xampp\\htdocs\\lot_fg\\app\\Views/errors/cli/error_exception.php): Failed to open stream: No such file or directory', 'C:\\xampp\\htdocs\\lot_fg\\vendor\\codeigniter4\\framework\\system\\CLI\\BaseCommand.php', 133)
 2 SYSTEMPATH\CLI\BaseCommand.php(133): require()
 3 SYSTEMPATH\Commands\Database\CreateDatabase.php(148): CodeIgniter\CLI\BaseCommand->showError(Object(CodeIgniter\Database\Exceptions\DatabaseException))
 4 SYSTEMPATH\CLI\Commands.php(72): CodeIgniter\Commands\Database\CreateDatabase->run([...])
 5 SYSTEMPATH\CLI\Console.php(47): CodeIgniter\CLI\Commands->run('db:create', [...])
 6 SYSTEMPATH\Boot.php(444): CodeIgniter\CLI\Console->run()
 7 SYSTEMPATH\Boot.php(166): CodeIgniter\Boot::runCommand(Object(CodeIgniter\CLI\Console))
 8 ROOTPATH\spark(87): CodeIgniter\Boot::bootSpark(Object(Config\Paths))
ERROR - 2026-09-02 08:03:05 --> Error connecting to the database: mysqli_sql_exception: No connection could be made because the target machine actively refused it in C:\xampp\htdocs\lot_fg\vendor\codeigniter4\framework\system\Database\MySQLi\Connection.php:201
Stack trace:
#0 C:\xampp\htdocs\lot_fg\vendor\codeigniter4\framework\system\Database\MySQLi\Connection.php(201): mysqli->real_connect('localhost', 'root', Object(SensitiveParameterValue), '', 3306, '', 0)
#1 C:\xampp\htdocs\lot_fg\vendor\codeigniter4\framework\system\Database\BaseConnection.php(555): CodeIgniter\Database\MySQLi\Connection->connect(false)
#2 C:\xampp\htdocs\lot_fg\vendor\codeigniter4\framework\system\Database\Database.php(74): CodeIgniter\Database\BaseConnection->initialize()
#3 C:\xampp\htdocs\lot_fg\vendor\codeigniter4\framework\system\Database\Config.php(111): CodeIgniter\Database\Database->loadForge(Object(CodeIgniter\Database\MySQLi\Connection))
#4 C:\xampp\htdocs\lot_fg\vendor\codeigniter4\framework\system\Commands\Database\CreateDatabase.php(136): CodeIgniter\Database\Config::forge()
#5 C:\xampp\htdocs\lot_fg\vendor\codeigniter4\framework\system\CLI\Commands.php(72): CodeIgniter\Commands\Database\CreateDatabase->run(Array)
#6 C:\xampp\htdocs\lot_fg\vendor\codeigniter4\framework\system\CLI\Console.php(47): CodeIgniter\CLI\Commands->run('db:create', Array)
#7 C:\xampp\htdocs\lot_fg\vendor\codeigniter4\framework\system\Boot.php(444): CodeIgniter\CLI\Console->run()
#8 C:\xampp\htdocs\lot_fg\vendor\codeigniter4\framework\system\Boot.php(166): CodeIgniter\Boot::runCommand(Object(CodeIgniter\CLI\Console))
#9 C:\xampp\htdocs\lot_fg\spark(87): CodeIgniter\Boot::bootSpark(Object(Config\Paths))
#10 {main}

Next CodeIgniter\Database\Exceptions\DatabaseException: No connection could be made because the target machine actively refused it in C:\xampp\htdocs\lot_fg\vendor\codeigniter4\framework\system\Database\MySQLi\Connection.php:231
Stack trace:
#0 C:\xampp\htdocs\lot_fg\vendor\codeigniter4\framework\system\Database\BaseConnection.php(555): CodeIgniter\Database\MySQLi\Connection->connect(false)
#1 C:\xampp\htdocs\lot_fg\vendor\codeigniter4\framework\system\Database\Database.php(74): CodeIgniter\Database\BaseConnection->initialize()
#2 C:\xampp\htdocs\lot_fg\vendor\codeigniter4\framework\system\Database\Config.php(111): CodeIgniter\Database\Database->loadForge(Object(CodeIgniter\Database\MySQLi\Connection))
#3 C:\xampp\htdocs\lot_fg\vendor\codeigniter4\framework\system\Commands\Database\CreateDatabase.php(136): CodeIgniter\Database\Config::forge()
#4 C:\xampp\htdocs\lot_fg\vendor\codeigniter4\framework\system\CLI\Commands.php(72): CodeIgniter\Commands\Database\CreateDatabase->run(Array)
#5 C:\xampp\htdocs\lot_fg\vendor\codeigniter4\framework\system\CLI\Console.php(47): CodeIgniter\CLI\Commands->run('db:create', Array)
#6 C:\xampp\htdocs\lot_fg\vendor\codeigniter4\framework\system\Boot.php(444): CodeIgniter\CLI\Console->run()
#7 C:\xampp\htdocs\lot_fg\vendor\codeigniter4\framework\system\Boot.php(166): CodeIgniter\Boot::runCommand(Object(CodeIgniter\CLI\Console))
#8 C:\xampp\htdocs\lot_fg\spark(87): CodeIgniter\Boot::bootSpark(Object(Config\Paths))
#9 {main}
ERROR - 2026-09-02 08:03:18 --> Error connecting to the database: mysqli_sql_exception: No connection could be made because the target machine actively refused it in C:\xampp\htdocs\lot_fg\vendor\codeigniter4\framework\system\Database\MySQLi\Connection.php:201
Stack trace:
#0 C:\xampp\htdocs\lot_fg\vendor\codeigniter4\framework\system\Database\MySQLi\Connection.php(201): mysqli->real_connect('localhost', 'root', Object(SensitiveParameterValue), '', 3306, '', 0)
#1 C:\xampp\htdocs\lot_fg\vendor\codeigniter4\framework\system\Database\BaseConnection.php(555): CodeIgniter\Database\MySQLi\Connection->connect(false)
#2 C:\xampp\htdocs\lot_fg\vendor\codeigniter4\framework\system\Database\Database.php(74): CodeIgniter\Database\BaseConnection->initialize()
#3 C:\xampp\htdocs\lot_fg\vendor\codeigniter4\framework\system\Database\Config.php(111): CodeIgniter\Database\Database->loadForge(Object(CodeIgniter\Database\MySQLi\Connection))
#4 C:\xampp\htdocs\lot_fg\vendor\codeigniter4\framework\system\Commands\Database\CreateDatabase.php(136): CodeIgniter\Database\Config::forge()
#5 C:\xampp\htdocs\lot_fg\vendor\codeigniter4\framework\system\CLI\Commands.php(72): CodeIgniter\Commands\Database\CreateDatabase->run(Array)
#6 C:\xampp\htdocs\lot_fg\vendor\codeigniter4\framework\system\CLI\Console.php(47): CodeIgniter\CLI\Commands->run('db:create', Array)
#7 C:\xampp\htdocs\lot_fg\vendor\codeigniter4\framework\system\Boot.php(444): CodeIgniter\CLI\Console->run()
#8 C:\xampp\htdocs\lot_fg\vendor\codeigniter4\framework\system\Boot.php(166): CodeIgniter\Boot::runCommand(Object(CodeIgniter\CLI\Console))
#9 C:\xampp\htdocs\lot_fg\spark(87): CodeIgniter\Boot::bootSpark(Object(Config\Paths))
#10 {main}

Next CodeIgniter\Database\Exceptions\DatabaseException: No connection could be made because the target machine actively refused it in C:\xampp\htdocs\lot_fg\vendor\codeigniter4\framework\system\Database\MySQLi\Connection.php:231
Stack trace:
#0 C:\xampp\htdocs\lot_fg\vendor\codeigniter4\framework\system\Database\BaseConnection.php(555): CodeIgniter\Database\MySQLi\Connection->connect(false)
#1 C:\xampp\htdocs\lot_fg\vendor\codeigniter4\framework\system\Database\Database.php(74): CodeIgniter\Database\BaseConnection->initialize()
#2 C:\xampp\htdocs\lot_fg\vendor\codeigniter4\framework\system\Database\Config.php(111): CodeIgniter\Database\Database->loadForge(Object(CodeIgniter\Database\MySQLi\Connection))
#3 C:\xampp\htdocs\lot_fg\vendor\codeigniter4\framework\system\Commands\Database\CreateDatabase.php(136): CodeIgniter\Database\Config::forge()
#4 C:\xampp\htdocs\lot_fg\vendor\codeigniter4\framework\system\CLI\Commands.php(72): CodeIgniter\Commands\Database\CreateDatabase->run(Array)
#5 C:\xampp\htdocs\lot_fg\vendor\codeigniter4\framework\system\CLI\Console.php(47): CodeIgniter\CLI\Commands->run('db:create', Array)
#6 C:\xampp\htdocs\lot_fg\vendor\codeigniter4\framework\system\Boot.php(444): CodeIgniter\CLI\Console->run()
#7 C:\xampp\htdocs\lot_fg\vendor\codeigniter4\framework\system\Boot.php(166): CodeIgniter\Boot::runCommand(Object(CodeIgniter\CLI\Console))
#8 C:\xampp\htdocs\lot_fg\spark(87): CodeIgniter\Boot::bootSpark(Object(Config\Paths))
#9 {main}
CRITICAL - 2026-09-02 08:04:50 --> ErrorException: Undefined property: Config\Database::$filesPath
[Method: CLI, Route: db:seed/MasterShiftSeeder]
in SYSTEMPATH\Database\Seeder.php on line 81.
 1 SYSTEMPATH\Database\Seeder.php(81): CodeIgniter\Debug\Exceptions->errorHandler(2, 'Undefined property: Config\\Database::$filesPath', 'C:\\xampp\\htdocs\\lot_fg\\vendor\\codeigniter4\\framework\\system\\Database\\Seeder.php', 81)
 2 SYSTEMPATH\Commands\Database\Seed.php(71): CodeIgniter\Database\Seeder->__construct(Object(Config\Database))
 3 SYSTEMPATH\CLI\Commands.php(72): CodeIgniter\Commands\Database\Seed->run([...])
 4 SYSTEMPATH\CLI\Console.php(47): CodeIgniter\CLI\Commands->run('db:seed', [...])
 5 SYSTEMPATH\Boot.php(444): CodeIgniter\CLI\Console->run()
 6 SYSTEMPATH\Boot.php(166): CodeIgniter\Boot::runCommand(Object(CodeIgniter\CLI\Console))
 7 ROOTPATH\spark(87): CodeIgniter\Boot::bootSpark(Object(Config\Paths))
CRITICAL - 2026-09-02 08:04:51 --> ErrorException: Undefined property: Config\Database::$filesPath
[Method: CLI, Route: db:seed/MasterLineSeeder]
in SYSTEMPATH\Database\Seeder.php on line 81.
 1 SYSTEMPATH\Database\Seeder.php(81): CodeIgniter\Debug\Exceptions->errorHandler(2, 'Undefined property: Config\\Database::$filesPath', 'C:\\xampp\\htdocs\\lot_fg\\vendor\\codeigniter4\\framework\\system\\Database\\Seeder.php', 81)
 2 SYSTEMPATH\Commands\Database\Seed.php(71): CodeIgniter\Database\Seeder->__construct(Object(Config\Database))
 3 SYSTEMPATH\CLI\Commands.php(72): CodeIgniter\Commands\Database\Seed->run([...])
 4 SYSTEMPATH\CLI\Console.php(47): CodeIgniter\CLI\Commands->run('db:seed', [...])
 5 SYSTEMPATH\Boot.php(444): CodeIgniter\CLI\Console->run()
 6 SYSTEMPATH\Boot.php(166): CodeIgniter\Boot::runCommand(Object(CodeIgniter\CLI\Console))
 7 ROOTPATH\spark(87): CodeIgniter\Boot::bootSpark(Object(Config\Paths))
CRITICAL - 2026-09-02 08:05:08 --> ErrorException: Undefined property: Config\Database::$filesPath
[Method: CLI, Route: db:seed/MasterShiftSeeder]
in SYSTEMPATH\Database\Seeder.php on line 81.
 1 SYSTEMPATH\Database\Seeder.php(81): CodeIgniter\Debug\Exceptions->errorHandler(2, 'Undefined property: Config\\Database::$filesPath', 'C:\\xampp\\htdocs\\lot_fg\\vendor\\codeigniter4\\framework\\system\\Database\\Seeder.php', 81)
 2 SYSTEMPATH\Commands\Database\Seed.php(71): CodeIgniter\Database\Seeder->__construct(Object(Config\Database))
 3 SYSTEMPATH\CLI\Commands.php(72): CodeIgniter\Commands\Database\Seed->run([...])
 4 SYSTEMPATH\CLI\Console.php(47): CodeIgniter\CLI\Commands->run('db:seed', [...])
 5 SYSTEMPATH\Boot.php(444): CodeIgniter\CLI\Console->run()
 6 SYSTEMPATH\Boot.php(166): CodeIgniter\Boot::runCommand(Object(CodeIgniter\CLI\Console))
 7 ROOTPATH\spark(87): CodeIgniter\Boot::bootSpark(Object(Config\Paths))
CRITICAL - 2026-09-02 08:05:21 --> ErrorException: Undefined property: Config\Database::$filesPath
[Method: CLI, Route: db:seed/MasterLineSeeder]
in SYSTEMPATH\Database\Seeder.php on line 81.
 1 SYSTEMPATH\Database\Seeder.php(81): CodeIgniter\Debug\Exceptions->errorHandler(2, 'Undefined property: Config\\Database::$filesPath', 'C:\\xampp\\htdocs\\lot_fg\\vendor\\codeigniter4\\framework\\system\\Database\\Seeder.php', 81)
 2 SYSTEMPATH\Commands\Database\Seed.php(71): CodeIgniter\Database\Seeder->__construct(Object(Config\Database))
 3 SYSTEMPATH\CLI\Commands.php(72): CodeIgniter\Commands\Database\Seed->run([...])
 4 SYSTEMPATH\CLI\Console.php(47): CodeIgniter\CLI\Commands->run('db:seed', [...])
 5 SYSTEMPATH\Boot.php(444): CodeIgniter\CLI\Console->run()
 6 SYSTEMPATH\Boot.php(166): CodeIgniter\Boot::runCommand(Object(CodeIgniter\CLI\Console))
 7 ROOTPATH\spark(87): CodeIgniter\Boot::bootSpark(Object(Config\Paths))
